Resolving dependencies...
Downloading packages...
  _fe_analyzer_shared 93.0.0 (105.0.0 available)
  analysis_server_plugin 0.3.7 (0.3.20 available)
  analyzer 10.0.1 (14.1.0 available)
  analyzer_plugin 0.14.1 (0.14.14 available)
  audio_session 0.2.3 (0.2.4 available)
  barbecue 0.4.0 (0.5.0 available)
  cli_util 0.4.2 (0.5.1 available)
  code_assets 1.0.0 (1.2.1 available)
  coverage 1.15.0 (1.15.1 available)
  cross_file 0.3.5+2 (0.3.5+4 available)
  dart_code_linter 4.1.6 (4.1.7 available)
  dart_style 3.1.7 (3.1.12 available)
  dbus 0.7.12 (0.7.14 available)
  file_selector_android 0.5.2+6 (0.5.2+8 available)
  file_selector_web 0.9.4+2 (0.9.5 available)
  flutter_foreground_task 9.2.2 (10.0.0 available)
  flutter_plugin_android_lifecycle 2.0.34 (2.0.35 available)
  flutter_rust_bridge 2.11.1 (2.12.0 available)
  flutter_secure_storage_darwin 0.3.2 (0.4.0 available)
  flutter_vodozemac 0.5.0 (0.6.0 available)
  geolocator_platform_interface 4.2.6 (4.2.8 available)
  hooks 1.0.3 (2.1.0 available)
  image 4.8.0 (4.9.1 available)
  image_picker_android 0.8.13+17 (0.8.13+19 available)
  intl 0.20.2 (0.20.3 available)
  js 0.6.7 (0.7.2 available)
  matcher 0.12.19 (0.12.20 available)
  meta 1.18.0 (1.19.0 available)
  native_toolchain_c 0.17.6 (0.19.3 available)
  native_toolchain_cmake 0.2.5 (0.2.6 available)
  objective_c 9.3.0 (9.4.1 available)
  package_config 2.2.0 (3.0.0 available)
  package_info_plus 10.2.0 (10.2.1 available)
  pana 0.23.12 (0.23.14 available)
  path_provider_linux 2.2.1 (2.2.2 available)
  path_provider_platform_interface 2.1.2 (2.1.3 available)
  qr 3.0.2 (4.0.0 available)
  receive_sharing_intent 1.8.1 (1.9.0 available)
  record_linux 2.1.0 (2.1.1 available)
  record_use 0.6.0 (1.0.0 available)
  record_windows 2.2.0 (2.2.2 available)
  screen_retriever 0.2.0 (0.2.2 available)
  screen_retriever_linux 0.2.0 (0.2.2 available)
  screen_retriever_macos 0.2.0 (0.2.2 available)
  screen_retriever_platform_interface 0.2.0 (0.2.2 available)
  screen_retriever_windows 0.2.0 (0.2.2 available)
  share_plus 13.2.0 (13.2.1 available)
  shared_preferences_android 2.4.23 (2.4.27 available)
  sqflite_common 2.5.8 (2.5.11 available)
  sqflite_common_ffi 2.3.7+1 (2.4.2 available)
  sqlcipher_flutter_libs 0.6.8 (0.7.0+eol available)
  sqlite3 2.9.4 (3.4.0 available)
  string_validator 0.3.0 (1.2.0 available)
  synchronized 3.4.0+1 (3.4.1 available)
  test 1.31.0 (1.31.2 available)
  test_api 0.7.11 (0.7.13 available)
  test_core 0.6.17 (0.6.19 available)
  timezone 0.11.0 (0.11.1 available)
  url_launcher_android 6.3.30 (6.3.32 available)
  uuid 4.5.3 (4.6.0 available)
  vector_math 2.2.0 (2.4.0 available)
  window_manager 0.5.1 (0.5.2 available)
  window_to_front 0.0.3 (1.0.0 available)
  xml 6.6.1 (7.0.1 available)
Got dependencies!
64 packages have newer versions incompatible with dependency constraints.
Try `flutter pub outdated` for more information.
Running Gradle task 'assembleRelease'...                        
Warning: Flutter support for your project's Gradle version (8.11.1) will soon be dropped. Please upgrade your Gradle version to a version of at least 8.14.0 soon.
Alternatively, use the flag "--android-skip-build-dependency-validation" to bypass this check.

Potential fix: Your project's gradle version is typically defined in the gradle wrapper file. By default, this can be found at /home/runner/work/fluffybeep/fluffybeep/fluffychat/android/gradle/wrapper/gradle-wrapper.properties. 
For more information, see https://docs.gradle.org/current/userguide/gradle_wrapper.html.

Warning: Flutter support for your project's Android Gradle Plugin version (Android Gradle Plugin version 8.9.1) will soon be dropped. Please upgrade your Android Gradle Plugin version to a version of at least Android Gradle Plugin version 8.11.1 soon.
Alternatively, use the flag "--android-skip-build-dependency-validation" to bypass this check.

Potential fix: Your project's AGP version is typically defined in the plugins block of the `settings.gradle` file (/home/runner/work/fluffybeep/fluffybeep/fluffychat/android/settings.gradle), by a plugin with the id of com.android.application. 
If you don't see a plugins block, your project was likely created with an older template version. In this case it is most likely defined in the top-level build.gradle file (/home/runner/work/fluffybeep/fluffybeep/fluffychat/android/build.gradle) by the following line in the dependencies block of the buildscript: "classpath 'com.android.tools.build:gradle:<version>'".

Warning: Flutter support for your project's Kotlin version (2.1.0) will soon be dropped. Please upgrade your Kotlin version to a version of at least 2.2.20 soon.
Alternatively, use the flag "--android-skip-build-dependency-validation" to bypass this check.

Potential fix: Your project's KGP version is typically defined in the plugins block of the `settings.gradle` file (/home/runner/work/fluffybeep/fluffybeep/fluffychat/android/settings.gradle), by a plugin with the id of org.jetbrains.kotlin.android. 
If you don't see a plugins block, your project was likely created with an older template version, in which case it is most likely defined in the top-level build.gradle file (/home/runner/work/fluffybeep/fluffybeep/fluffychat/android/build.gradle) by the ext.kotlin_version property.

Checking the license for package NDK (Side by side) 27.0.12077973 in /usr/local/lib/android/sdk/licenses
License for package NDK (Side by side) 27.0.12077973 accepted.
Preparing "Install NDK (Side by side) 27.0.12077973 v.27.0.12077973".
"Install NDK (Side by side) 27.0.12077973 v.27.0.12077973" ready.
Installing NDK (Side by side) 27.0.12077973 in /usr/local/lib/android/sdk/ndk/27.0.12077973
"Install NDK (Side by side) 27.0.12077973 v.27.0.12077973" complete.
"Install NDK (Side by side) 27.0.12077973 v.27.0.12077973" finished.
Checking the license for package Android SDK Platform 31 in /usr/local/lib/android/sdk/licenses
License for package Android SDK Platform 31 accepted.
Preparing "Install Android SDK Platform 31 (revision 1)".
"Install Android SDK Platform 31 (revision 1)" ready.
Installing Android SDK Platform 31 in /usr/local/lib/android/sdk/platforms/android-31
"Install Android SDK Platform 31 (revision 1)" complete.
"Install Android SDK Platform 31 (revision 1)" finished.
Checking the license for package Android SDK Platform 33 in /usr/local/lib/android/sdk/licenses
License for package Android SDK Platform 33 accepted.
Preparing "Install Android SDK Platform 33 (revision 3)".
"Install Android SDK Platform 33 (revision 3)" ready.
Installing Android SDK Platform 33 in /usr/local/lib/android/sdk/platforms/android-33
"Install Android SDK Platform 33 (revision 3)" complete.
"Install Android SDK Platform 33 (revision 3)" finished.
Checking the license for package CMake 3.22.1 in /usr/local/lib/android/sdk/licenses
License for package CMake 3.22.1 accepted.
Preparing "Install CMake 3.22.1 v.3.22.1".
"Install CMake 3.22.1 v.3.22.1" ready.
Installing CMake 3.22.1 in /usr/local/lib/android/sdk/cmake/3.22.1
"Install CMake 3.22.1 v.3.22.1" complete.
"Install CMake 3.22.1 v.3.22.1" finished.
"ar": 214 untranslated message(s).
"az": 739 untranslated message(s).
"be": 64 untranslated message(s).
"bn": 719 untranslated message(s).
"bo": 747 untranslated message(s).
"ca": 68 untranslated message(s).
"cs": 144 untranslated message(s).
"da": 718 untranslated message(s).
"de": 10 untranslated message(s).
"el": 671 untranslated message(s).
"eo": 467 untranslated message(s).
"es": 48 untranslated message(s).
"eu": 42 untranslated message(s).
"fa": 69 untranslated message(s).
"fi": 115 untranslated message(s).
"fil": 581 untranslated message(s).
"he": 546 untranslated message(s).
"hi": 730 untranslated message(s).
"hr": 92 untranslated message(s).
"hu": 142 untranslated message(s).
"ia": 733 untranslated message(s).
"id": 19 untranslated message(s).
"ie": 573 untranslated message(s).
"it": 132 untranslated message(s).
"ja": 248 untranslated message(s).
"ka": 616 untranslated message(s).
"kab": 218 untranslated message(s).
"ko": 174 untranslated message(s).
"lt": 372 untranslated message(s).
"lv": 15 untranslated message(s).
"nb": 64 untranslated message(s).
"pt": 725 untranslated message(s).
"pt_BR": 101 untranslated message(s).
"pt_PT": 384 untranslated message(s).
"ro": 380 untranslated message(s).
"ru": 11 untranslated message(s).
"sk": 552 untranslated message(s).
"sl": 657 untranslated message(s).
"sq": 747 untranslated message(s).
"sr": 482 untranslated message(s).
"sv": 163 untranslated message(s).
"ta": 73 untranslated message(s).
"te": 744 untranslated message(s).
"th": 700 untranslated message(s).
"tr": 212 untranslated message(s).
"uk": 49 untranslated message(s).
"uz": 92 untranslated message(s).
"vi": 613 untranslated message(s).
"yue": 691 untranslated message(s).
"zh_Hant": 144 untranslated message(s).
To see a detailed report, use the untranslated-messages-file 
option in the l10n.yaml file:
untranslated-messages-file: desiredFileName.txt
<other option>: <other selection> 


This will generate a JSON format file containing all messages that 
need to be translated.
Font asset "CupertinoIcons.ttf" was tree-shaken, reducing it from 257628 to 2132 bytes (99.2% reduction). Tree-shaking can be disabled by providing the --no-tree-shake-icons flag when building your app.
Font asset "MaterialIcons-Regular.otf" was tree-shaken, reducing it from 1645184 to 27556 bytes (98.3% reduction). Tree-shaking can be disabled by providing the --no-tree-shake-icons flag when building your app.
Resolving dependencies...
Downloading packages...
+ adaptive_number 1.0.0
+ args 2.4.2 (2.7.0 available)
+ async 2.13.1
+ build_tool 1.0.0 from path /home/runner/.pub-cache/hosted/pub.dev/flutter_vodozemac-0.5.0/cargokit/gradle/../build_tool
+ collection 1.18.0 (1.19.1 available)
+ convert 3.1.1 (3.1.2 available)
+ crypto 3.0.3 (3.0.7 available)
+ ed25519_edwards 0.3.1
+ fixnum 1.1.1
+ github 9.17.0 (9.25.1 available)
+ hex 0.2.0
+ http 1.1.0 (1.6.0 available)
+ http_parser 4.0.2 (4.1.2 available)
+ json_annotation 4.12.0
+ logging 1.2.0 (1.3.0 available)
+ meta 1.19.0
+ path 1.8.0 (1.9.1 available)
+ petitparser 5.4.0 (7.0.2 available)
+ source_span 1.10.0 (1.10.2 available)
+ string_scanner 1.4.1
+ term_glyph 1.2.2
+ toml 0.14.0 (0.18.0 available)
+ typed_data 1.4.0
+ version 3.0.0 (3.0.2 available)
+ yaml 3.1.2 (3.1.3 available)
Changed 25 dependencies!
14 packages have newer versions incompatible with dependency constraints.
Try `dart pub outdated` for more information.
Compiling bin/build_tool_runner.dart to kernel file bin/build_tool_runner.dill.
INFO: Precompiled binaries are disabled
INFO: Installing Rust target: armv7-linux-androideabi
INFO: Building vodozemac_bindings_dart for armv7-linux-androideabi
INFO: Installing Rust target: aarch64-linux-android
INFO: Building vodozemac_bindings_dart for aarch64-linux-android
INFO: Installing Rust target: x86_64-linux-android
INFO: Building vodozemac_bindings_dart for x86_64-linux-android
Note: Some input files use or override a deprecated API.
Note: Recompile with -Xlint:deprecation for details.
Note: Some input files use unchecked or unsafe operations.
Note: Recompile with -Xlint:unchecked for details.
Caught exception: Already watching path: /home/runner/work/fluffybeep/fluffybeep/fluffychat/android

FAILURE: Build failed with an exception.

* What went wrong:
Execution failed for task ':app:validateSigningRelease'.
> Keystore file '/home/runner/work/fluffybeep/fluffybeep/fluffychat/android/app/dummy.keystore' not found for signing config 'release'.

* Try:
> Run with --stacktrace option to get the stack trace.
> Run with --info or --debug option to get more log output.
> Run with --scan to get full insights.
> Get more help at https://help.gradle.org.

BUILD FAILED in 12m 44s
Running Gradle task 'assembleRelease'...                          765.8s
Gradle task assembleRelease failed with exit code 1
